Oct-31 14:50:18 INFO/[LogTest] Write test, this is message.
Oct-31 14:50:18 ERROR/[LogTest] Write test, this is message.
Oct-31 14:50:18 DEBUG/[LogTest] Write test, this is message.
